// Vitest Snapshot v1, https://vitest.dev/guide/snapshot.html

exports[`JournalEntryCard > matches snapshot 1`] = `
<DocumentFragment>
  <div
    class="bg-gray-200 p-4 rounded-md shadow-md"
  >
    <h2
      class="text-lg font-semibold mb-2"
    >
      Mock Entry
    </h2>
    <p
      class="text-sm mb-2"
    >
      Range: Mock Range
    </p>
    <div
      class="flex bg-gray-400 p-2 text-center rounded-t-sm justify-between items-center overflow-x-auto"
    >
      <ul
        class="list-disc ml-6"
      >
        <li>
          Player ID: 1, Stat Category: Mock Category 1, Over/Under: Mock Over/Under 1, Value: Mock Value 1
        </li>
        <li>
          Player ID: 2, Stat Category: Mock Category 2, Over/Under: Mock Over/Under 2, Value: Mock Value 2
        </li>
      </ul>
    </div>
  </div>
</DocumentFragment>
`;
